{
  "id":"{UUID goes here}",
  "allEntries":[

  ]
}