{
  "id":"${json-unit.regex}[\\w]{8}[-][\\w]{4}[-][\\w]{4}[-][\\w]{4}[-][\\w]{12}",
  "allEntries":[

  ]
}