{
  "message":"${json-unit.regex}Logbook created. Its ID is '[\\w]{8}[-][\\w]{4}[-][\\w]{4}[-][\\w]{4}[-][\\w]{12}'."
}